MethodFieldOrder.chpl:31: node violates rule MethodsAfterFields
MethodFieldOrder.chpl:38: node violates rule MethodsAfterFields
MethodFieldOrder.chpl:4: node violates rule MethodsAfterFields
MethodFieldOrder.chpl:11: node violates rule MethodsAfterFields
